// 重构日志: 8fc5f473
// 同步 ID: 634a6679 @ Wed Jul  8 19:44:41 UTC 2026
// 重构日志: 93d4b8c0
// 重构日志: bd43b02e
// 同步 ID: e14ad13d @ Sun Jul 12 12:02:53 UTC 2026
// 重构日志: bdcadfca
// 重构日志: 2acdf6a4
// 重构日志: 481987a6
// 重构日志: e43590b6
// 重构日志: de247f77
// 同步 ID: fd7aa57b @ Sat Jul 18 21:46:39 UTC 2026
// 同步 ID: e1984837 @ Sun Jul 19 07:34:57 UTC 2026
// 同步 ID: 893838ff @ Sun Jul 19 12:15:53 UTC 2026
// 重构日志: 284682ad
// 同步 ID: 02a8e96c @ Thu Jul 23 08:51:20 UTC 2026
// 重构日志: 415ec9e0
// 同步 ID: 3e1046b0 @ Fri Jul 24 21:11:04 UTC 2026
// 重构日志: cf7ec6d3
// 同步 ID: 69a607dc @ Mon Jul 27 13:08:30 UTC 2026
// 同步 ID: de5a7a82 @ Tue Jul 28 08:04:52 UTC 2026
// 同步 ID: fa846a36 @ Sat Aug  1 13:13:43 UTC 2026
// 同步 ID: e3059f63 @ Sun Aug  2 08:52:36 UTC 2026
